[    1320ms] [WARNING] 16:27:32.47 Illegal argument. Property value must not be null or undefined. This will become an exception in the future. @ https://drive.mathworks.com/assets_3.26.0/js/mldo-df80ad53501397b04561-bundle.js:18
[    1321ms] [WARNING] 16:27:32.48 Illegal argument. Property value must not be null or undefined. This will become an exception in the future. @ https://drive.mathworks.com/assets_3.26.0/js/mldo-df80ad53501397b04561-bundle.js:18
[    1321ms] [WARNING] 16:27:32.49 Illegal argument. Property value must not be null or undefined. This will become an exception in the future. @ https://drive.mathworks.com/assets_3.26.0/js/mldo-df80ad53501397b04561-bundle.js:18
[    1322ms] [WARNING] 16:27:32.49 Illegal argument. Property value must not be null or undefined. This will become an exception in the future. @ https://drive.mathworks.com/assets_3.26.0/js/mldo-df80ad53501397b04561-bundle.js:18
[    1323ms] [WARNING] 16:27:32.51 Illegal argument. Property value must not be null or undefined. This will become an exception in the future. @ https://drive.mathworks.com/assets_3.26.0/js/mldo-df80ad53501397b04561-bundle.js:18
[    1347ms] [WARNING] 16:27:32.74 Illegal argument. Property value must not be null or undefined. This will become an exception in the future. @ https://drive.mathworks.com/assets_3.26.0/js/mldo-df80ad53501397b04561-bundle.js:18
[    1347ms] [WARNING] 16:27:32.74 Illegal argument. Property value must not be null or undefined. This will become an exception in the future. @ https://drive.mathworks.com/assets_3.26.0/js/mldo-df80ad53501397b04561-bundle.js:18
[    1624ms] [ERROR] Executing inline script violates the following Content Security Policy directive 'script-src-elem 'self' *.mathworks.com https://cl.qualaroo.com https://assets.adobedtm.com https://cmp.inmobi.com'. Either the 'unsafe-inline' keyword, a hash ('sha256-tNLy3loOq4Qhzgk4v9o+0HwDvOIY2O6wh3lkKDKektM='), or a nonce ('nonce-...') is required to enable inline execution. The action has been blocked. @ https://assets.adobedtm.com/d0cc0600946eb3957f703b9fe43c3590597a8c2c/satelliteLib-e8d23c2e444abadc572df06537e2def59c01db09.js:8
[    3637ms] [ERROR] Executing inline script violates the following Content Security Policy directive 'script-src-elem 'self' *.mathworks.com https://cl.qualaroo.com https://assets.adobedtm.com https://cmp.inmobi.com'. Either the 'unsafe-inline' keyword, a hash ('sha256-JSho2iGoTpoNlA41BwWBZeg0/lVkhF7oEObbPNkoy3c='), or a nonce ('nonce-...') is required to enable inline execution. The action has been blocked. @ https://assets.adobedtm.com/d0cc0600946eb3957f703b9fe43c3590597a8c2c/satelliteLib-e8d23c2e444abadc572df06537e2def59c01db09.js:8
[    5647ms] [ERROR] Executing inline script violates the following Content Security Policy directive 'script-src-elem 'self' *.mathworks.com https://cl.qualaroo.com https://assets.adobedtm.com https://cmp.inmobi.com'. Either the 'unsafe-inline' keyword, a hash ('sha256-MXzhu0H7+zQRXcbbk+5gsQO1ouL63gQZ/Lgz0jUHseI='), or a nonce ('nonce-...') is required to enable inline execution. The action has been blocked. @ https://assets.adobedtm.com/d0cc0600946eb3957f703b9fe43c3590597a8c2c/satelliteLib-e8d23c2e444abadc572df06537e2def59c01db09.js:8
[   19259ms] [WARNING] 16:27:49.986 Illegal argument. Property value must not be null or undefined. This will become an exception in the future. @ https://drive.mathworks.com/assets_3.26.0/js/mldo-df80ad53501397b04561-bundle.js:18
[   19259ms] [WARNING] 16:27:49.987 Illegal argument. Property value must not be null or undefined. This will become an exception in the future. @ https://drive.mathworks.com/assets_3.26.0/js/mldo-df80ad53501397b04561-bundle.js:18
[   19260ms] [WARNING] 16:27:49.987 Illegal argument. Property value must not be null or undefined. This will become an exception in the future. @ https://drive.mathworks.com/assets_3.26.0/js/mldo-df80ad53501397b04561-bundle.js:18
[   19260ms] [WARNING] 16:27:49.987 Illegal argument. Property value must not be null or undefined. This will become an exception in the future. @ https://drive.mathworks.com/assets_3.26.0/js/mldo-df80ad53501397b04561-bundle.js:18
[   19261ms] [WARNING] 16:27:49.988 Illegal argument. Property value must not be null or undefined. This will become an exception in the future. @ https://drive.mathworks.com/assets_3.26.0/js/mldo-df80ad53501397b04561-bundle.js:18
[   19280ms] [WARNING] 16:27:50.7 Illegal argument. Property value must not be null or undefined. This will become an exception in the future. @ https://drive.mathworks.com/assets_3.26.0/js/mldo-df80ad53501397b04561-bundle.js:18
[   19280ms] [WARNING] 16:27:50.7 Illegal argument. Property value must not be null or undefined. This will become an exception in the future. @ https://drive.mathworks.com/assets_3.26.0/js/mldo-df80ad53501397b04561-bundle.js:18
[   19331ms] [ERROR] Executing inline script violates the following Content Security Policy directive 'script-src-elem 'self' *.mathworks.com https://cl.qualaroo.com https://assets.adobedtm.com https://cmp.inmobi.com'. Either the 'unsafe-inline' keyword, a hash ('sha256-tNLy3loOq4Qhzgk4v9o+0HwDvOIY2O6wh3lkKDKektM='), or a nonce ('nonce-...') is required to enable inline execution. The action has been blocked. @ https://assets.adobedtm.com/d0cc0600946eb3957f703b9fe43c3590597a8c2c/satelliteLib-e8d23c2e444abadc572df06537e2def59c01db09.js:8
[   21341ms] [ERROR] Executing inline script violates the following Content Security Policy directive 'script-src-elem 'self' *.mathworks.com https://cl.qualaroo.com https://assets.adobedtm.com https://cmp.inmobi.com'. Either the 'unsafe-inline' keyword, a hash ('sha256-JSho2iGoTpoNlA41BwWBZeg0/lVkhF7oEObbPNkoy3c='), or a nonce ('nonce-...') is required to enable inline execution. The action has been blocked. @ https://assets.adobedtm.com/d0cc0600946eb3957f703b9fe43c3590597a8c2c/satelliteLib-e8d23c2e444abadc572df06537e2def59c01db09.js:8
[ 1630259ms] [LOG] files resizeBreadcrumbs @ https://drive.mathworks.com/assets_3.26.0/js/mldo-df80ad53501397b04561-bundle.js:18
[ 4234739ms] [LOG] files resizeBreadcrumbs @ https://drive.mathworks.com/assets_3.26.0/js/mldo-df80ad53501397b04561-bundle.js:18
